http://www.centoscn.com/mysql/2014/0919/3778.html
CentOS 7的yum源中貌似没有正常安装mysql时的mysql-sever文件，需要去官网上下载
 	
# wget http://dev.mysql.com/get/mysql-community-release-el7-5.noarch.rpm
# rpm -ivh mysql-community-release-el7-5.noarch.rpm
# yum install mysql-community-server
成功安装之后重启mysql服务
 	
# service mysqld restart
初次安装mysql是root账户是没有密码的
设置密码的方法
 	
# mysql -uroot
mysql> set password for ‘root’@‘localhost’ = password('mypasswd');
mysql> exit


http://www.linuxidc.com/Linux/2016-09/134940.htm

CentOS7默认数据库是mariadb,配置等用着不习惯,因此决定改成mysql,但是CentOS7的yum源中默认好像是没有mysql的。为了解决这个问题，我们要先下载mysql的repo源。

1.下载mysql的repo源
$ wget http://repo.mysql.com/mysql-community-release-el7-5.noarch.rpm

2.安装mysql-community-release-el7-5.noarch.rpm包
$ sudo rpm -ivh mysql-community-release-el7-5.noarch.rpm
安装这个包后，会获得两个mysql的yum repo源：/etc/yum.repos.d/mysql-community.repo，/etc/yum.repos.d/mysql-community-source.repo。

3.安装mysql
$ sudo yum install mysql-server
根据提示安装就可以了,不过安装完成后没有密码,需要重置密码

4.重置mysql密码
$ mysql -u root
登录时有可能报这样的错：ERROR 2002 (HY000): Can‘t connect to local MySQL server through socket ‘/var/lib/mysql/mysql.sock‘ (2)，原因是/var/lib/mysql的访问权限问题。下面的命令把/var/lib/mysql的拥有者改为当前用户：
$ sudo chown -R root:root /var/lib/mysql
重启mysql服务
$ service mysqld restart
接下来登录重置密码：

$ mysql -u root  //直接回车进入mysql控制台
mysql > use mysql;
mysql > update user set password=password('123456') where user='root';
mysql > exit;